Undefined Codes:0
Lines with no Substitutions: 1
Non substituted entries: 1
